<rootelement>
    <a>1</a>
    <c>d</c>
    <e>f</e>
    <g>2</g>
</rootelement>