{
  "a": "new value on existing node",
  "c": "d",
  "newnode": "new value on new node"
}