{
  "scripts": {
    "build": "ls",
    "lint": "npm run eslint"
  }
}