{
  "message": "Example dictator copying some files",
  "actions": [
    {
      "copyFrom": "readmefile.txt",
      "target": "."
    },
    {
      "copyFrom": "readmefile2.txt",
      "target": "file_to_new_folder/"
    },
    {
      "copyFrom": "readmefile2.txt",
      "target": "file_to_/new_folder/with/parents"
    },
    {
      "copyFrom": "mix/*.txt",
      "target": "files_to_new_folder"
    },
    {
      "copyFrom": "mix",
      "target": "to_new_folder"
    },
    {
      "copyFrom": "mix/*.txt",
      "target": "files_to_existing_folder"
    },
    {
      "copyFrom": "folder_with_one_file",
      "target": "copy_one_file"
    },
    {
      "copyFrom": "folder_with_one_file/*",
      "target": "copy_one_file_with_star"
    },
    {
      "copyFrom": ".",
      "target": "copy_everything"
    }
  ]
}
