{
  "name": "dictator-builder",

  "version": "0.0.7"
}
