{
  "a": "1",
  "c": "d",
  "e": "f",
  "scipts": {
    "test": "ls"
  },
  "g": "2"
}