{
    "a": "b",
    "e": {
        "h": "i"
    }
}